[app.dev-techlabs.com/v2/preview/Z6JXT4tlba49ZxPYoqVP.html]
[backblue.gif]
[fade.gif]
[index.html]
[stcdn.leadconnectorhq.com/libphonenumber/1.10.60/libphonenumber-js.min.js]
[stcdn.leadconnectorhq.com/intl-tel-input/17.0.12/js/utils.min.js]
[stcdn.leadconnectorhq.com/intl-tel-input/intlTelInput.min.js]
[stcdn.leadconnectorhq.com/intl-tel-input/17.0.12/css/intlTelInput.min.css]
[storage.googleapis.com/msgsndr/fvC765TQeOzfRMaLut9v/media/6461d1e788516f86498d7c8d.png]
[images.leadconnectorhq.com/image/f_webp/q_80/r_480/u_https_/assets.cdn.filesafe.space/cvfWBnHyVajabkdC1qaB/media/11904f00ae4d7fe04be852fa7a126520_480_80.webp]
[images.leadconnectorhq.com/image/f_webp/q_80/r_768/u_https_/assets.cdn.filesafe.space/cvfWBnHyVajabkdC1qaB/media/b4fbd7322d75ca093f0dfc823b783ab4_768_80.webp]
[images.leadconnectorhq.com/image/f_webp/q_80/r_1200/u_https_/assets.cdn.filesafe.space/cvfWBnHyVajabkdC1qaB/media/836f3fc278a3986050895253799460de_1200_80.webp]
[images.leadconnectorhq.com/image/f_webp/q_80/r_480/u_https_/assets.cdn.filesafe.space/fvC765TQeOzfRMaLut9v/media/ab2bb817ad0806217b8f337edd6eab6c_480_80.webp]
[images.leadconnectorhq.com/image/f_webp/q_80/r_768/u_https_/assets.cdn.filesafe.space/fvC765TQeOzfRMaLut9v/media/3709b5e4b34e2a2d9a382588411a356c_768_80.webp]
[images.leadconnectorhq.com/image/f_webp/q_80/r_1200/u_https_/assets.cdn.filesafe.space/fvC765TQeOzfRMaLut9v/media/ecf85803e61ffee97214c29864ab3aef_1200_80.webp]
[images.leadconnectorhq.com/image/f_webp/q_80/r_480/u_https_/assets.cdn.filesafe.space/fvC765TQeOzfRMaLut9v/media/21a1d3cbc15c07422be0597f10ae848a_480_80.webp]
[images.leadconnectorhq.com/image/f_webp/q_80/r_768/u_https_/assets.cdn.filesafe.space/fvC765TQeOzfRMaLut9v/media/19605160d95ea322c750e215bdc5ff02_768_80.webp]
[images.leadconnectorhq.com/image/f_webp/q_80/r_1200/u_https_/assets.cdn.filesafe.space/fvC765TQeOzfRMaLut9v/media/1257c0424382f6c380a678bc8b04804d_1200_80.webp]
[stcdn.leadconnectorhq.com/intl-tel-input/17.0.12/img/flags.png]
[stcdn.leadconnectorhq.com/_preview/BeDKUvii.js]
[stcdn.leadconnectorhq.com/_preview/8Lnp5DJ_.js]
[stcdn.leadconnectorhq.com/_preview/BrepIRt0.js]
[stcdn.leadconnectorhq.com/_preview/BCDbj_Vo.js]
[stcdn.leadconnectorhq.com/_preview/CWuXOXUb.js]
[stcdn.leadconnectorhq.com/_preview/DtJjbnup.js]
[stcdn.leadconnectorhq.com/_preview/B4NmBDdK.js]
[stcdn.leadconnectorhq.com/_preview/C7CjyZO5.js]
[stcdn.leadconnectorhq.com/_preview/BYsG3ZvL.js]
[stcdn.leadconnectorhq.com/_preview/MyppZ_YO.js]
[stcdn.leadconnectorhq.com/_preview/CowYKqCg.js]
[stcdn.leadconnectorhq.com/_preview/CjKwACeX.js]
[stcdn.leadconnectorhq.com/_preview/NRyYgpkZ.js]
[stcdn.leadconnectorhq.com/_preview/BxfwRLH5.js]
[stcdn.leadconnectorhq.com/_preview/B9-UTvb5.js]
[stcdn.leadconnectorhq.com/_preview/D7D7yKyX.js]
[stcdn.leadconnectorhq.com/_preview/BMZJM4Sd.js]
[stcdn.leadconnectorhq.com/_preview/oulmZQOr.js]
[stcdn.leadconnectorhq.com/_preview/Bf3gjqhz.js]
[stcdn.leadconnectorhq.com/_preview/CfdV2JMf.js]
[stcdn.leadconnectorhq.com/_preview/NMc_Kt1o.js]
[stcdn.leadconnectorhq.com/_preview/Br3Fhm6g.js]
[stcdn.leadconnectorhq.com/_preview/CmoQeOmA.js]
[stcdn.leadconnectorhq.com/_preview/C3e4t58V.js]
[stcdn.leadconnectorhq.com/_preview/CemwczxG.js]
[stcdn.leadconnectorhq.com/_preview/Hj2WICJL.js]
[stcdn.leadconnectorhq.com/_preview/DYa7OZHt.js]
[stcdn.leadconnectorhq.com/_preview/D2HUyf-o.js]
[stcdn.leadconnectorhq.com/_preview/BwEm7Wmn.js]
[stcdn.leadconnectorhq.com/_preview/wwLfBoTf.js]
[stcdn.leadconnectorhq.com/_preview/Ctte7rlT.js]
[stcdn.leadconnectorhq.com/_preview/BeToatnO.js]
[stcdn.leadconnectorhq.com/_preview/A7e72_Sl.js]
[stcdn.leadconnectorhq.com/_preview/DLQcGz0r.js]
[stcdn.leadconnectorhq.com/_preview/ZqF-RpCY.js]
[stcdn.leadconnectorhq.com/_preview/DQQvJP0Q.js]
[images.leadconnectorhq.com/image/f_webp/q_80/r_900/u_https_/assets.cdn.filesafe.space/yEZz6d4pAZz46GRSNZQp/media/ca6dddeff4ee40aad90e16b9002457e1_900_80.webp]
[images.leadconnectorhq.com/image/f_webp/q_80/r_768/u_https_/assets.cdn.filesafe.space/yEZz6d4pAZz46GRSNZQp/media/8be5c258d5d0bad3b335de9b6587a139_768_80.webp]
[images.leadconnectorhq.com/image/f_webp/q_80/r_640/u_https_/assets.cdn.filesafe.space/yEZz6d4pAZz46GRSNZQp/media/cf5ba1937fffa7d99aec293a737d04cd_640_80.webp]
[images.leadconnectorhq.com/image/f_webp/q_80/r_480/u_https_/assets.cdn.filesafe.space/yEZz6d4pAZz46GRSNZQp/media/a954318f6f436e726a6390900608f712_480_80.webp]
[images.leadconnectorhq.com/image/f_webp/q_80/r_320/u_https_/assets.cdn.filesafe.space/yEZz6d4pAZz46GRSNZQp/media/e6ac156a1daa69dd91f6a08088ce5236_320_80.webp]
[images.leadconnectorhq.com/image/f_webp/q_80/r_1200/u_https_/assets.cdn.filesafe.space/yEZz6d4pAZz46GRSNZQp/media/caf33a002baa406990e8280e66e040d2_1200_80.webp]
[cdnjs.cloudflare.com/ajax/libs/font-awesome/6.4.0/css/all.min.css]
[cdnjs.cloudflare.com/ajax/libs/slick-carousel/1.8.1/slick.min.css]
[cdnjs.cloudflare.com/ajax/libs/slick-carousel/1.8.1/slick-theme.min.css]
[storage.googleapis.com/msgsndr/fvC765TQeOzfRMaLut9v/media/6450e248d736ecae93a56043.jpg]
[storage.googleapis.com/msgsndr/fvC765TQeOzfRMaLut9v/media/6450e4417579d0551cfb9947.jpg]
[images.leadconnectorhq.com/image/f_webp/q_80/r_900/u_https_/assets.cdn.filesafe.space/4UBHtTYUgiXFPda2iBjx/media/7ff2d8af005fbcb27055230d5b9d2d6c_900_80.webp]
[images.leadconnectorhq.com/image/f_webp/q_80/r_768/u_https_/assets.cdn.filesafe.space/4UBHtTYUgiXFPda2iBjx/media/48ee34bda600fe9c363eb37004f92ae3_768_80.webp]
[images.leadconnectorhq.com/image/f_webp/q_80/r_640/u_https_/assets.cdn.filesafe.space/4UBHtTYUgiXFPda2iBjx/media/3da86ab87fa0a520153b5a6439097a7f_640_80.webp]
[images.leadconnectorhq.com/image/f_webp/q_80/r_480/u_https_/assets.cdn.filesafe.space/4UBHtTYUgiXFPda2iBjx/media/c0c69b5ef4934759af2b58828bfb9888_480_80.webp]
[images.leadconnectorhq.com/image/f_webp/q_80/r_320/u_https_/assets.cdn.filesafe.space/4UBHtTYUgiXFPda2iBjx/media/78ee07371f4f4b284ad6a8ada11215a5_320_80.webp]
[images.leadconnectorhq.com/image/f_webp/q_80/r_1200/u_https_/assets.cdn.filesafe.space/4UBHtTYUgiXFPda2iBjx/media/3969ce803355ea835169c290a7f97521_1200_80.webp]
[app.dev-techlabs.com/v2/preview/y06wuiCpFs2j1FAcDcmO.html]
[app.dev-techlabs.com/v2/preview/OqaO3s8cbqOjwXHuwR5W.html]
[app.dev-techlabs.com/v2/preview/RGRkcVg9KChzIMicXYAo.html]
[images.leadconnectorhq.com/image/f_webp/q_80/r_900/u_https_/assets.cdn.filesafe.space/yEZz6d4pAZz46GRSNZQp/media/24861acdda1a24343d3caa667fe8b897_900_80.webp]
[images.leadconnectorhq.com/image/f_webp/q_80/r_768/u_https_/assets.cdn.filesafe.space/yEZz6d4pAZz46GRSNZQp/media/4086993d4211da73aea13fc38d512ea4_768_80.webp]
[images.leadconnectorhq.com/image/f_webp/q_80/r_640/u_https_/assets.cdn.filesafe.space/yEZz6d4pAZz46GRSNZQp/media/ccfaa82db53d052a76a5b18dfd8e7daa_640_80.webp]
[images.leadconnectorhq.com/image/f_webp/q_80/r_480/u_https_/assets.cdn.filesafe.space/yEZz6d4pAZz46GRSNZQp/media/3eeb826057d76a546fc089a57c100a64_480_80.webp]
[images.leadconnectorhq.com/image/f_webp/q_80/r_320/u_https_/assets.cdn.filesafe.space/yEZz6d4pAZz46GRSNZQp/media/a2ee42d5c459ae66874a6014624fc290_320_80.webp]
[images.leadconnectorhq.com/image/f_webp/q_80/r_1200/u_https_/assets.cdn.filesafe.space/yEZz6d4pAZz46GRSNZQp/media/dbc760d9d634d06745beae8426079362_1200_80.webp]
[images.leadconnectorhq.com/image/f_webp/q_80/r_900/u_https_/assets.cdn.filesafe.space/yEZz6d4pAZz46GRSNZQp/media/994ceb6b53f1085a2fef206c37604cfd_900_80.webp]
[images.leadconnectorhq.com/image/f_webp/q_80/r_768/u_https_/assets.cdn.filesafe.space/yEZz6d4pAZz46GRSNZQp/media/598c7fd6d18a1555d27988c55d40a2e7_768_80.webp]
[images.leadconnectorhq.com/image/f_webp/q_80/r_640/u_https_/assets.cdn.filesafe.space/yEZz6d4pAZz46GRSNZQp/media/1c536fdfac3de78c89c85cba02c5fe82_640_80.webp]
[images.leadconnectorhq.com/image/f_webp/q_80/r_480/u_https_/assets.cdn.filesafe.space/yEZz6d4pAZz46GRSNZQp/media/08c100b19b25b5b4eb0fdb4bdb7b8b2c_480_80.webp]
[images.leadconnectorhq.com/image/f_webp/q_80/r_320/u_https_/assets.cdn.filesafe.space/yEZz6d4pAZz46GRSNZQp/media/72b486ca693a7b209c0405610b705469_320_80.webp]
[images.leadconnectorhq.com/image/f_webp/q_80/r_1200/u_https_/assets.cdn.filesafe.space/yEZz6d4pAZz46GRSNZQp/media/efb9077615949aa1f5998c90142e6b1f_1200_80.webp]
[cdnjs.cloudflare.com/ajax/libs/OwlCarousel2/2.3.4/assets/owl.carousel.min.css]
[cdnjs.cloudflare.com/ajax/libs/OwlCarousel2/2.3.4/assets/owl.theme.default.min.css]
[cdnjs.cloudflare.com/ajax/libs/font-awesome/6.3.0/css/all.min.css]
[assets.cdn.filesafe.space/fvC765TQeOzfRMaLut9v/media/645f4e5602c82b7f66e84401.png]
[images.leadconnectorhq.com/image/f_webp/q_80/r_900/u_https_/assets.cdn.filesafe.space/yEZz6d4pAZz46GRSNZQp/media/9efe6fb2de7b245c8e215c845c768ec4_900_80.webp]
[images.leadconnectorhq.com/image/f_webp/q_80/r_768/u_https_/assets.cdn.filesafe.space/yEZz6d4pAZz46GRSNZQp/media/1b3fcf7fc3b362e0ccc12a48af7c16e8_768_80.webp]
[images.leadconnectorhq.com/image/f_webp/q_80/r_640/u_https_/assets.cdn.filesafe.space/yEZz6d4pAZz46GRSNZQp/media/75382bdbacc6b6f0b0fa5b621afad530_640_80.webp]
[images.leadconnectorhq.com/image/f_webp/q_80/r_480/u_https_/assets.cdn.filesafe.space/yEZz6d4pAZz46GRSNZQp/media/84dd836109297f05d025506758f693a6_480_80.webp]
[images.leadconnectorhq.com/image/f_webp/q_80/r_320/u_https_/assets.cdn.filesafe.space/yEZz6d4pAZz46GRSNZQp/media/5275680e7d0e5f3b3f39d30353f662d1_320_80.webp]
[images.leadconnectorhq.com/image/f_webp/q_80/r_1200/u_https_/assets.cdn.filesafe.space/yEZz6d4pAZz46GRSNZQp/media/fa54993dd16cfa70cdcd3553ce0c6bee_1200_80.webp]
[images.leadconnectorhq.com/image/f_webp/q_80/r_900/u_https_/assets.cdn.filesafe.space/yEZz6d4pAZz46GRSNZQp/media/b439917b85dd52663465d5b886962fcd_900_80.webp]
[images.leadconnectorhq.com/image/f_webp/q_80/r_768/u_https_/assets.cdn.filesafe.space/yEZz6d4pAZz46GRSNZQp/media/8a31ff62f8045199b55bad271d6704b1_768_80.webp]
[images.leadconnectorhq.com/image/f_webp/q_80/r_640/u_https_/assets.cdn.filesafe.space/yEZz6d4pAZz46GRSNZQp/media/f03e9d5ebfe0c5429e6536f6074fc78d_640_80.webp]
[images.leadconnectorhq.com/image/f_webp/q_80/r_480/u_https_/assets.cdn.filesafe.space/yEZz6d4pAZz46GRSNZQp/media/44ff6ae780cdcace00f5ae17b5d9eba5_480_80.webp]
[images.leadconnectorhq.com/image/f_webp/q_80/r_320/u_https_/assets.cdn.filesafe.space/yEZz6d4pAZz46GRSNZQp/media/c943427085c96b1cbe1efe2f827b8f1f_320_80.webp]
[images.leadconnectorhq.com/image/f_webp/q_80/r_1200/u_https_/assets.cdn.filesafe.space/yEZz6d4pAZz46GRSNZQp/media/79c36800971fe407917b489068e5a03c_1200_80.webp]
[images.leadconnectorhq.com/image/f_webp/q_80/r_900/u_https_/assets.cdn.filesafe.space/yEZz6d4pAZz46GRSNZQp/media/89b042d5949d15d63cbde9b268446ed3_900_80.webp]
[images.leadconnectorhq.com/image/f_webp/q_80/r_768/u_https_/assets.cdn.filesafe.space/yEZz6d4pAZz46GRSNZQp/media/883f4c912e95e800156b80a69df8f01c_768_80.webp]
[images.leadconnectorhq.com/image/f_webp/q_80/r_640/u_https_/assets.cdn.filesafe.space/yEZz6d4pAZz46GRSNZQp/media/6b12cc2d6553c9f3982cda965523b219_640_80.webp]
[images.leadconnectorhq.com/image/f_webp/q_80/r_480/u_https_/assets.cdn.filesafe.space/yEZz6d4pAZz46GRSNZQp/media/0c53a6a0e193a5ad85af81ce268f660e_480_80.webp]
[images.leadconnectorhq.com/image/f_webp/q_80/r_320/u_https_/assets.cdn.filesafe.space/yEZz6d4pAZz46GRSNZQp/media/f4dc6b0fd1c91f98bbf945fdfb273885_320_80.webp]
[images.leadconnectorhq.com/image/f_webp/q_80/r_1200/u_https_/assets.cdn.filesafe.space/yEZz6d4pAZz46GRSNZQp/media/2b83ebdb5eda56b91f762227f97438e8_1200_80.webp]
[images.leadconnectorhq.com/image/f_webp/q_80/r_900/u_https_/assets.cdn.filesafe.space/yEZz6d4pAZz46GRSNZQp/media/e4e70dfb732e0bc7dc8d930b266f4049_900_80.webp]
[images.leadconnectorhq.com/image/f_webp/q_80/r_768/u_https_/assets.cdn.filesafe.space/yEZz6d4pAZz46GRSNZQp/media/7069c87584054caac4bf9ae7b55e3d69_768_80.webp]
[images.leadconnectorhq.com/image/f_webp/q_80/r_640/u_https_/assets.cdn.filesafe.space/yEZz6d4pAZz46GRSNZQp/media/ff3b34a613b5ddbd782dfb38c71fe2a8_640_80.webp]
[images.leadconnectorhq.com/image/f_webp/q_80/r_480/u_https_/assets.cdn.filesafe.space/yEZz6d4pAZz46GRSNZQp/media/73f93ede955cd27bec1ffcfa58ec8f2d_480_80.webp]
[images.leadconnectorhq.com/image/f_webp/q_80/r_320/u_https_/assets.cdn.filesafe.space/yEZz6d4pAZz46GRSNZQp/media/7e472c2cd7b31b64ef2e96a7dc08ecba_320_80.webp]
[images.leadconnectorhq.com/image/f_webp/q_80/r_1200/u_https_/assets.cdn.filesafe.space/yEZz6d4pAZz46GRSNZQp/media/89ce30225883f1a8efb073874f682a80_1200_80.webp]
[images.leadconnectorhq.com/image/f_webp/q_80/r_900/u_https_/assets.cdn.filesafe.space/yEZz6d4pAZz46GRSNZQp/media/51753db1e06635a0a1c8370992596a22_900_80.webp]
[images.leadconnectorhq.com/image/f_webp/q_80/r_768/u_https_/assets.cdn.filesafe.space/yEZz6d4pAZz46GRSNZQp/media/39c6f4002edc6970d3d6bfefcba55960_768_80.webp]
[images.leadconnectorhq.com/image/f_webp/q_80/r_640/u_https_/assets.cdn.filesafe.space/yEZz6d4pAZz46GRSNZQp/media/432c0c8ac5203a92a6a5b080791e5de1_640_80.webp]
[images.leadconnectorhq.com/image/f_webp/q_80/r_480/u_https_/assets.cdn.filesafe.space/yEZz6d4pAZz46GRSNZQp/media/093c51fbf6dbb534b3895e9ee482c603_480_80.webp]
[images.leadconnectorhq.com/image/f_webp/q_80/r_320/u_https_/assets.cdn.filesafe.space/yEZz6d4pAZz46GRSNZQp/media/3cbd369d8a21cc8b45dab733c7597952_320_80.webp]
[images.leadconnectorhq.com/image/f_webp/q_80/r_1200/u_https_/assets.cdn.filesafe.space/yEZz6d4pAZz46GRSNZQp/media/77ec8afd901f061add012879c26787a9_1200_80.webp]
[images.leadconnectorhq.com/image/f_webp/q_80/r_900/u_https_/assets.cdn.filesafe.space/yEZz6d4pAZz46GRSNZQp/media/81b6176e317384c7df2d37f6773ca6d2_900_80.webp]
[images.leadconnectorhq.com/image/f_webp/q_80/r_768/u_https_/assets.cdn.filesafe.space/yEZz6d4pAZz46GRSNZQp/media/52bf31fd3c947752aa4e287d71819018_768_80.webp]
[images.leadconnectorhq.com/image/f_webp/q_80/r_640/u_https_/assets.cdn.filesafe.space/yEZz6d4pAZz46GRSNZQp/media/ea629672368e389362bcee87e558f965_640_80.webp]
[images.leadconnectorhq.com/image/f_webp/q_80/r_480/u_https_/assets.cdn.filesafe.space/yEZz6d4pAZz46GRSNZQp/media/7db448ddf7ef9207da043acd3db06160_480_80.webp]
[images.leadconnectorhq.com/image/f_webp/q_80/r_320/u_https_/assets.cdn.filesafe.space/yEZz6d4pAZz46GRSNZQp/media/2ee0a9c8eddc78fb99b465e3f1456170_320_80.webp]
[images.leadconnectorhq.com/image/f_webp/q_80/r_1200/u_https_/assets.cdn.filesafe.space/yEZz6d4pAZz46GRSNZQp/media/02b643d373224d96cf60aa6465d069c8_1200_80.webp]
[images.leadconnectorhq.com/image/f_webp/q_80/r_900/u_https_/assets.cdn.filesafe.space/yEZz6d4pAZz46GRSNZQp/media/8352aadf8e18c77f1b8f4e5b5f8e3dc8_900_80.webp]
[images.leadconnectorhq.com/image/f_webp/q_80/r_768/u_https_/assets.cdn.filesafe.space/yEZz6d4pAZz46GRSNZQp/media/ec373ce07f88bb773765d2b0981db720_768_80.webp]
[images.leadconnectorhq.com/image/f_webp/q_80/r_640/u_https_/assets.cdn.filesafe.space/yEZz6d4pAZz46GRSNZQp/media/554cadcc09d28e07a075e63bb97f88fc_640_80.webp]
[images.leadconnectorhq.com/image/f_webp/q_80/r_480/u_https_/assets.cdn.filesafe.space/yEZz6d4pAZz46GRSNZQp/media/75522c94e9b93ea5b17f6b1b17cb7e88_480_80.webp]
[images.leadconnectorhq.com/image/f_webp/q_80/r_320/u_https_/assets.cdn.filesafe.space/yEZz6d4pAZz46GRSNZQp/media/914bb8334a04525b8066bbe2256fe9a2_320_80.webp]
[images.leadconnectorhq.com/image/f_webp/q_80/r_1200/u_https_/assets.cdn.filesafe.space/yEZz6d4pAZz46GRSNZQp/media/3ee8456819ee1a555e28928ea7488489_1200_80.webp]
[cdn.jsdelivr.net/npm/swiper@9/swiper-bundle.min.css]
[storage.googleapis.com/msgsndr/fvC765TQeOzfRMaLut9v/media/645f8c8302c82b5a98e85f31.jpg]
[images.leadconnectorhq.com/image/f_webp/q_80/r_900/u_https_/assets.cdn.filesafe.space/cvfWBnHyVajabkdC1qaB/media/4b2e36891b70a3d0fcd5a1b9c3a6de28_900_80.webp]
[images.leadconnectorhq.com/image/f_webp/q_80/r_768/u_https_/assets.cdn.filesafe.space/cvfWBnHyVajabkdC1qaB/media/fba13b1381b9c3b20a095183b1d3487a_768_80.webp]
[images.leadconnectorhq.com/image/f_webp/q_80/r_640/u_https_/assets.cdn.filesafe.space/cvfWBnHyVajabkdC1qaB/media/71f3cf77c33e50fff092576a6356680e_640_80.webp]
[images.leadconnectorhq.com/image/f_webp/q_80/r_480/u_https_/assets.cdn.filesafe.space/cvfWBnHyVajabkdC1qaB/media/097becf79004410c4a859f2720d64168_480_80.webp]
[images.leadconnectorhq.com/image/f_webp/q_80/r_320/u_https_/assets.cdn.filesafe.space/cvfWBnHyVajabkdC1qaB/media/5c30e607f5726342de5901cfd1c1d9c9_320_80.webp]
[images.leadconnectorhq.com/image/f_webp/q_80/r_1200/u_https_/assets.cdn.filesafe.space/cvfWBnHyVajabkdC1qaB/media/6f805ef1ab93ad397ad4861fd4156755_1200_80.webp]
[images.leadconnectorhq.com/image/f_webp/q_80/r_900/u_https_/assets.cdn.filesafe.space/cvfWBnHyVajabkdC1qaB/media/ab1957c9882cdb162690b5227b66c0e5_900_80.webp]
[images.leadconnectorhq.com/image/f_webp/q_80/r_768/u_https_/assets.cdn.filesafe.space/cvfWBnHyVajabkdC1qaB/media/14615426219e5b840d71d061291e022a_768_80.webp]
[images.leadconnectorhq.com/image/f_webp/q_80/r_640/u_https_/assets.cdn.filesafe.space/cvfWBnHyVajabkdC1qaB/media/c0c3e9499fc08acbec088a5007eb6a55_640_80.webp]
[images.leadconnectorhq.com/image/f_webp/q_80/r_480/u_https_/assets.cdn.filesafe.space/cvfWBnHyVajabkdC1qaB/media/0e70aa1b03673ea49d08675fe4ffc6dc_480_80.webp]
[images.leadconnectorhq.com/image/f_webp/q_80/r_320/u_https_/assets.cdn.filesafe.space/cvfWBnHyVajabkdC1qaB/media/2bb03b1880155f8fcdfec082a87d1e1c_320_80.webp]
[images.leadconnectorhq.com/image/f_webp/q_80/r_1200/u_https_/assets.cdn.filesafe.space/cvfWBnHyVajabkdC1qaB/media/75bc073a15fc08b254927517a8e2745c_1200_80.webp]
[storage.googleapis.com/msgsndr/yEZz6d4pAZz46GRSNZQp/media/2dc016af-70de-4699-bbbd-b196400386c7.png]
[storage.googleapis.com/preview-production-assets/funnel/img/img_100x100.png]
[assets.cdn.filesafe.space/4UBHtTYUgiXFPda2iBjx/media/8a70cf3c-4f6f-4209-adee-e536f605c26c.png]
[storage.googleapis.com/msgsndr/cvfWBnHyVajabkdC1qaB/media/6501c81b892e5d6740749c2e.jpg]
[storage.googleapis.com/msgsndr/yEZz6d4pAZz46GRSNZQp/media/d82a2250-1850-48a5-800f-82ddc217775f.jpg]
[storage.googleapis.com/msgsndr/yEZz6d4pAZz46GRSNZQp/media/797d394a-8f02-4cb2-9afb-796ada127e84.jpg]
[storage.googleapis.com/msgsndr/fvC765TQeOzfRMaLut9v/media/64620c8a88516f7b3e8db249.jpg]
[storage.googleapis.com/msgsndr/yEZz6d4pAZz46GRSNZQp/media/07b22a46-e76f-4126-bf1d-3fe2b781bbf2.png]
[storage.googleapis.com/msgsndr/yEZz6d4pAZz46GRSNZQp/media/16307755-b6a8-4261-9308-78a13f046e78.png]
[storage.googleapis.com/msgsndr/yEZz6d4pAZz46GRSNZQp/media/8424fb28-c347-4528-8a73-c8c473458395.jpg]
[storage.googleapis.com/msgsndr/yEZz6d4pAZz46GRSNZQp/media/48cbcb13-ea43-4c5c-86d0-acece887be33.png]
[storage.googleapis.com/msgsndr/yEZz6d4pAZz46GRSNZQp/media/14563cb4-207d-4b4a-a531-a809a33911a8.png]
[storage.googleapis.com/msgsndr/yEZz6d4pAZz46GRSNZQp/media/d1b5c391-ec2c-422c-a805-d20e8e4baa5c.png]
[storage.googleapis.com/msgsndr/yEZz6d4pAZz46GRSNZQp/media/80235be7-bcd5-4bff-bcce-5cf36e5856ed.png]
[storage.googleapis.com/msgsndr/fvC765TQeOzfRMaLut9v/media/645f806388516f12968c6137.jpg]
[cdn.jsdelivr.net/npm/swiper@9/swiper-bundle.min.js]
[storage.googleapis.com/msgsndr/cvfWBnHyVajabkdC1qaB/media/6511f74a342776070cc7a148.png]
[assets.cdn.filesafe.space/cvfWBnHyVajabkdC1qaB/media/6511f6b717179d8b1c0ec45d.png]
[img.youtube.com/vi/D0UnqGm_miA/maxresdefault.jpg]
[app.dev-techlabs.com/v2/preview/Z6JXT4tlba49ZxPYoqVP.html]
[stcdn.leadconnectorhq.com/intl-tel-input/17.0.12/css/intlTelInput.min.css]
[cdnjs.cloudflare.com/ajax/libs/font-awesome/6.4.0/css/all.min.css]
[cdnjs.cloudflare.com/ajax/libs/slick-carousel/1.8.1/slick.min.css]
[stcdn.leadconnectorhq.com/intl-tel-input/17.0.12/img/flags@2x.png]
[cdnjs.cloudflare.com/ajax/libs/slick-carousel/1.8.1/ajax-loader.gif]
[cdnjs.cloudflare.com/ajax/libs/slick-carousel/1.8.1/fonts/slick.eot]
[cdnjs.cloudflare.com/ajax/libs/slick-carousel/1.8.1/fonts/slickd41d.eot]
[cdnjs.cloudflare.com/ajax/libs/slick-carousel/1.8.1/fonts/slick.woff]
[cdnjs.cloudflare.com/ajax/libs/slick-carousel/1.8.1/fonts/slick.ttf]
[cdnjs.cloudflare.com/ajax/libs/slick-carousel/1.8.1/fonts/slick.svg]
[cdnjs.cloudflare.com/ajax/libs/slick-carousel/1.8.1/slick-theme.min.css]
[images.leadconnectorhq.com/image/f_webp/q_80/r_480/u_https_/assets.cdn.filesafe.space/fvC765TQeOzfRMaLut9v/media/789bc2d68aba67bfb44a796c1622597c_480_80.webp]
[images.leadconnectorhq.com/image/f_webp/q_80/r_768/u_https_/assets.cdn.filesafe.space/fvC765TQeOzfRMaLut9v/media/c804552c91b9c77b85d7475a20049e1f_768_80.webp]
[images.leadconnectorhq.com/image/f_webp/q_80/r_1200/u_https_/assets.cdn.filesafe.space/fvC765TQeOzfRMaLut9v/media/44c1fff1f277c8bf3a5649f1aeaee975_1200_80.webp]
[stcdn.leadconnectorhq.com/_preview/C5SZ06xg.js]
[images.leadconnectorhq.com/image/f_webp/q_80/r_900/u_https_/assets.cdn.filesafe.space/yEZz6d4pAZz46GRSNZQp/media/33f738d35f215005b2eb264b795a3dca_900_80.webp]
[images.leadconnectorhq.com/image/f_webp/q_80/r_768/u_https_/assets.cdn.filesafe.space/yEZz6d4pAZz46GRSNZQp/media/f2866513924a18eeea54a20e526acd80_768_80.webp]
[images.leadconnectorhq.com/image/f_webp/q_80/r_640/u_https_/assets.cdn.filesafe.space/yEZz6d4pAZz46GRSNZQp/media/8fae320dda84bf5244716f794b07d7c6_640_80.webp]
[images.leadconnectorhq.com/image/f_webp/q_80/r_480/u_https_/assets.cdn.filesafe.space/yEZz6d4pAZz46GRSNZQp/media/0d7d3e4b82338fa6de9ee0ed3e1a2f1e_480_80.webp]
[images.leadconnectorhq.com/image/f_webp/q_80/r_320/u_https_/assets.cdn.filesafe.space/yEZz6d4pAZz46GRSNZQp/media/484b8a0f2e3742ae9bfad82aaacef6e5_320_80.webp]
[images.leadconnectorhq.com/image/f_webp/q_80/r_1200/u_https_/assets.cdn.filesafe.space/yEZz6d4pAZz46GRSNZQp/media/703b2128362376c74ecf79897223821d_1200_80.webp]
[images.leadconnectorhq.com/image/f_webp/q_80/r_900/u_https_/storage.googleapis.com/preview-production-assets/funnel/img/ba3a72c627ef2b94023de18a77683396_900_80.webp]
[images.leadconnectorhq.com/image/f_webp/q_80/r_768/u_https_/storage.googleapis.com/preview-production-assets/funnel/img/7fd66acc66ab8b41ec23803fd434ac1e_768_80.webp]
[images.leadconnectorhq.com/image/f_webp/q_80/r_640/u_https_/storage.googleapis.com/preview-production-assets/funnel/img/afcb00ba94c1f2c590ba73592c1cca94_640_80.webp]
[images.leadconnectorhq.com/image/f_webp/q_80/r_480/u_https_/storage.googleapis.com/preview-production-assets/funnel/img/a519af24a6baccc356b70988ffee309e_480_80.webp]
[images.leadconnectorhq.com/image/f_webp/q_80/r_320/u_https_/storage.googleapis.com/preview-production-assets/funnel/img/8fc7f4341d16fabe6ac8ae0838722339_320_80.webp]
[images.leadconnectorhq.com/image/f_webp/q_80/r_1200/u_https_/storage.googleapis.com/preview-production-assets/funnel/img/624dfc13327ab010f6dee862cb36c6df_1200_80.webp]
[images.leadconnectorhq.com/image/f_webp/q_80/r_900/u_https_/assets.cdn.filesafe.space/fvC765TQeOzfRMaLut9v/media/a0f69c53e53588e2d2d16c8e57f0a2f6_900_80.webp]
[images.leadconnectorhq.com/image/f_webp/q_80/r_768/u_https_/assets.cdn.filesafe.space/fvC765TQeOzfRMaLut9v/media/f2af505f1072293a433b6dc684533f24_768_80.webp]
[images.leadconnectorhq.com/image/f_webp/q_80/r_640/u_https_/assets.cdn.filesafe.space/fvC765TQeOzfRMaLut9v/media/bc8977925c3e623876dbd9778aa363d1_640_80.webp]
[images.leadconnectorhq.com/image/f_webp/q_80/r_480/u_https_/assets.cdn.filesafe.space/fvC765TQeOzfRMaLut9v/media/c273f54ac01d75b57283dc8951e9114b_480_80.webp]
[images.leadconnectorhq.com/image/f_webp/q_80/r_320/u_https_/assets.cdn.filesafe.space/fvC765TQeOzfRMaLut9v/media/a0040ca3dd724e3ffec7c1b4fa76158f_320_80.webp]
[images.leadconnectorhq.com/image/f_webp/q_80/r_1200/u_https_/assets.cdn.filesafe.space/fvC765TQeOzfRMaLut9v/media/2736195d5165d9533baf62b6186818c1_1200_80.webp]
[images.leadconnectorhq.com/image/f_webp/q_80/r_900/u_https_/assets.cdn.filesafe.space/yEZz6d4pAZz46GRSNZQp/media/c73e91e6ac3f4dda8437f11ee23740a7_900_80.webp]
[images.leadconnectorhq.com/image/f_webp/q_80/r_768/u_https_/assets.cdn.filesafe.space/yEZz6d4pAZz46GRSNZQp/media/32af045d1d0fe27adc06d62908dc5652_768_80.webp]
[images.leadconnectorhq.com/image/f_webp/q_80/r_640/u_https_/assets.cdn.filesafe.space/yEZz6d4pAZz46GRSNZQp/media/69aef7196fce3962941a64b632224290_640_80.webp]
[images.leadconnectorhq.com/image/f_webp/q_80/r_480/u_https_/assets.cdn.filesafe.space/yEZz6d4pAZz46GRSNZQp/media/88488dd7b39693763cb19e2a4c46c7a0_480_80.webp]
[images.leadconnectorhq.com/image/f_webp/q_80/r_320/u_https_/assets.cdn.filesafe.space/yEZz6d4pAZz46GRSNZQp/media/21c888b23359d4091bd2db0ada580d81_320_80.webp]
[images.leadconnectorhq.com/image/f_webp/q_80/r_1200/u_https_/assets.cdn.filesafe.space/yEZz6d4pAZz46GRSNZQp/media/274661f4023402c1d738d07323ae233f_1200_80.webp]
[storage.googleapis.com/msgsndr/fvC765TQeOzfRMaLut9v/media/64622347473aab3c12b3f015.jpg]
[assets.cdn.filesafe.space/fvC765TQeOzfRMaLut9v/media/64622347473aab3c12b3f015.jpg]
[storage.googleapis.com/msgsndr/yEZz6d4pAZz46GRSNZQp/media/1ff303e6-07d8-48ac-b1eb-4647399efc74.jpg]
[storage.googleapis.com/preview-production-assets/funnel/img/img_300x300.png]
[assets.cdn.filesafe.space/fvC765TQeOzfRMaLut9v/media/646226ed473aaba74fb3f3b5.jpg]
[storage.googleapis.com/msgsndr/yEZz6d4pAZz46GRSNZQp/media/5a0cbea5-d72f-4703-95cb-892ce760e052.png]
[app.dev-techlabs.com/v2/preview/y06wuiCpFs2j1FAcDcmO.html]
[images.leadconnectorhq.com/image/f_webp/q_80/r_480/u_https_/assets.cdn.filesafe.space/fvC765TQeOzfRMaLut9v/media/9674e970d2e248869697305c2f5783f0_480_80.webp]
[images.leadconnectorhq.com/image/f_webp/q_80/r_768/u_https_/assets.cdn.filesafe.space/fvC765TQeOzfRMaLut9v/media/d3a9e57fb3d77335249164e3127baf63_768_80.webp]
[images.leadconnectorhq.com/image/f_webp/q_80/r_1200/u_https_/assets.cdn.filesafe.space/fvC765TQeOzfRMaLut9v/media/a99a939a602b1722912f465bafbb5e59_1200_80.webp]
[images.leadconnectorhq.com/image/f_webp/q_80/r_480/u_https_/assets.cdn.filesafe.space/fvC765TQeOzfRMaLut9v/media/96953a8df739f5454481829a498c8eb3_480_80.webp]
[images.leadconnectorhq.com/image/f_webp/q_80/r_768/u_https_/assets.cdn.filesafe.space/fvC765TQeOzfRMaLut9v/media/e5bb5362b9c42297a193f47973a2932d_768_80.webp]
[images.leadconnectorhq.com/image/f_webp/q_80/r_1200/u_https_/assets.cdn.filesafe.space/fvC765TQeOzfRMaLut9v/media/cc74502727e106ee2b25157ebbc4821f_1200_80.webp]
[images.leadconnectorhq.com/image/f_webp/q_80/r_900/u_https_/assets.cdn.filesafe.space/yEZz6d4pAZz46GRSNZQp/media/356719af319e9217d2aca37249946e7a_900_80.webp]
[images.leadconnectorhq.com/image/f_webp/q_80/r_768/u_https_/assets.cdn.filesafe.space/yEZz6d4pAZz46GRSNZQp/media/6feecc6cad498c88a5eea32b71e49e93_768_80.webp]
[images.leadconnectorhq.com/image/f_webp/q_80/r_640/u_https_/assets.cdn.filesafe.space/yEZz6d4pAZz46GRSNZQp/media/27b457129addb8571c40a37c9abb5015_640_80.webp]
[images.leadconnectorhq.com/image/f_webp/q_80/r_480/u_https_/assets.cdn.filesafe.space/yEZz6d4pAZz46GRSNZQp/media/325f26a25d87f61babecc03b531bab11_480_80.webp]
[images.leadconnectorhq.com/image/f_webp/q_80/r_320/u_https_/assets.cdn.filesafe.space/yEZz6d4pAZz46GRSNZQp/media/cce247a4266c9c8d06dd5c2a26d653b8_320_80.webp]
[images.leadconnectorhq.com/image/f_webp/q_80/r_1200/u_https_/assets.cdn.filesafe.space/yEZz6d4pAZz46GRSNZQp/media/fc6473fa0cda6a5055dd05c05ca257ac_1200_80.webp]
[images.leadconnectorhq.com/image/f_webp/q_80/r_900/u_https_/assets.cdn.filesafe.space/cvfWBnHyVajabkdC1qaB/media/31292a67648be4b9b035c295ebc88e3a_900_80.webp]
[images.leadconnectorhq.com/image/f_webp/q_80/r_768/u_https_/assets.cdn.filesafe.space/cvfWBnHyVajabkdC1qaB/media/59a3aa6dd0674227c186c252ff149ba0_768_80.webp]
[images.leadconnectorhq.com/image/f_webp/q_80/r_640/u_https_/assets.cdn.filesafe.space/cvfWBnHyVajabkdC1qaB/media/70c269cc33c8f2fecac50ebfe1a2f63b_640_80.webp]
[images.leadconnectorhq.com/image/f_webp/q_80/r_480/u_https_/assets.cdn.filesafe.space/cvfWBnHyVajabkdC1qaB/media/a074334559442168e83be67b8531de37_480_80.webp]
[images.leadconnectorhq.com/image/f_webp/q_80/r_320/u_https_/assets.cdn.filesafe.space/cvfWBnHyVajabkdC1qaB/media/bcba6fcb432dfb0c80ae23aa7de383f0_320_80.webp]
[images.leadconnectorhq.com/image/f_webp/q_80/r_1200/u_https_/assets.cdn.filesafe.space/cvfWBnHyVajabkdC1qaB/media/42994a67d2c559ace444d29d57597ec1_1200_80.webp]
[images.leadconnectorhq.com/image/f_webp/q_80/r_900/u_https_/assets.cdn.filesafe.space/cvfWBnHyVajabkdC1qaB/media/6048f50da92796ff67ca333181380438_900_80.webp]
[images.leadconnectorhq.com/image/f_webp/q_80/r_768/u_https_/assets.cdn.filesafe.space/cvfWBnHyVajabkdC1qaB/media/ed2b98a7b85f50737d961048fc3f21d4_768_80.webp]
[images.leadconnectorhq.com/image/f_webp/q_80/r_640/u_https_/assets.cdn.filesafe.space/cvfWBnHyVajabkdC1qaB/media/530bf65393ec22baf11d569b7fefa224_640_80.webp]
[images.leadconnectorhq.com/image/f_webp/q_80/r_480/u_https_/assets.cdn.filesafe.space/cvfWBnHyVajabkdC1qaB/media/3ac6a5f6d99704889c05c119032aef5c_480_80.webp]
[images.leadconnectorhq.com/image/f_webp/q_80/r_320/u_https_/assets.cdn.filesafe.space/cvfWBnHyVajabkdC1qaB/media/dfdc76c09fcd3d2d0d87fde1edf8f0cf_320_80.webp]
[images.leadconnectorhq.com/image/f_webp/q_80/r_1200/u_https_/assets.cdn.filesafe.space/cvfWBnHyVajabkdC1qaB/media/721e5a585b79ff161f0d9ac5ae1590c2_1200_80.webp]
[images.leadconnectorhq.com/image/f_webp/q_80/r_900/u_https_/assets.cdn.filesafe.space/cvfWBnHyVajabkdC1qaB/media/0564f048435290f1f2e57044c5fbe972_900_80.webp]
[images.leadconnectorhq.com/image/f_webp/q_80/r_768/u_https_/assets.cdn.filesafe.space/cvfWBnHyVajabkdC1qaB/media/5a476f5ddffaf93f3a9a66064743474b_768_80.webp]
[images.leadconnectorhq.com/image/f_webp/q_80/r_640/u_https_/assets.cdn.filesafe.space/cvfWBnHyVajabkdC1qaB/media/f7bf914068d3b8a59955bf7a59d65761_640_80.webp]
[images.leadconnectorhq.com/image/f_webp/q_80/r_480/u_https_/assets.cdn.filesafe.space/cvfWBnHyVajabkdC1qaB/media/dfa071626f2e79893a9e2f47dd61aa6f_480_80.webp]
[images.leadconnectorhq.com/image/f_webp/q_80/r_320/u_https_/assets.cdn.filesafe.space/cvfWBnHyVajabkdC1qaB/media/ff6d33b875b2efbc51807976074f8897_320_80.webp]
[images.leadconnectorhq.com/image/f_webp/q_80/r_1200/u_https_/assets.cdn.filesafe.space/cvfWBnHyVajabkdC1qaB/media/26a574ca3cdc2b5679a73fc143a4e28f_1200_80.webp]
[images.leadconnectorhq.com/image/f_webp/q_80/r_900/u_https_/assets.cdn.filesafe.space/cvfWBnHyVajabkdC1qaB/media/451b553fcb74039702b1b9a502c59795_900_80.webp]
[images.leadconnectorhq.com/image/f_webp/q_80/r_768/u_https_/assets.cdn.filesafe.space/cvfWBnHyVajabkdC1qaB/media/251131580bde1b73c72ab627ce3dd9e7_768_80.webp]
[images.leadconnectorhq.com/image/f_webp/q_80/r_640/u_https_/assets.cdn.filesafe.space/cvfWBnHyVajabkdC1qaB/media/c844dd2efa0b10a95b89fc29d81e8a56_640_80.webp]
[images.leadconnectorhq.com/image/f_webp/q_80/r_480/u_https_/assets.cdn.filesafe.space/cvfWBnHyVajabkdC1qaB/media/6aa34bb40f4aff18afc8921d2ae9f89d_480_80.webp]
[images.leadconnectorhq.com/image/f_webp/q_80/r_320/u_https_/assets.cdn.filesafe.space/cvfWBnHyVajabkdC1qaB/media/e9ac19a36bcc246d423986d5c8961654_320_80.webp]
[images.leadconnectorhq.com/image/f_webp/q_80/r_1200/u_https_/assets.cdn.filesafe.space/cvfWBnHyVajabkdC1qaB/media/44b060f3ab2e74d7a12fc7dd56b2ac24_1200_80.webp]
[storage.googleapis.com/msgsndr/fvC765TQeOzfRMaLut9v/media/64636de535db354c2db7c4b8.jpg]
[assets.cdn.filesafe.space/fvC765TQeOzfRMaLut9v/media/64636de535db354c2db7c4b8.jpg]
[storage.googleapis.com/msgsndr/yEZz6d4pAZz46GRSNZQp/media/dcc0e6c5-f83c-4ede-9069-52f664da148f.jpg]
[assets.cdn.filesafe.space/fvC765TQeOzfRMaLut9v/media/646373d7473aab29ccb5e2d7.jpg]
[storage.googleapis.com/msgsndr/cvfWBnHyVajabkdC1qaB/media/6511ee6133ded4ec709a7b7d.png]
[storage.googleapis.com/msgsndr/cvfWBnHyVajabkdC1qaB/media/6511ee693427765733c791a2.png]
[storage.googleapis.com/msgsndr/cvfWBnHyVajabkdC1qaB/media/6511ee6834277636fac791a0.png]
[storage.googleapis.com/msgsndr/cvfWBnHyVajabkdC1qaB/media/6511ee6817179dfd5c0eb6b4.png]
[app.dev-techlabs.com/v2/preview/OqaO3s8cbqOjwXHuwR5W.html]
[images.leadconnectorhq.com/image/f_webp/q_80/r_480/u_https_/assets.cdn.filesafe.space/fvC765TQeOzfRMaLut9v/media/6da5d080254b84b1bc81ed354fa66339_480_80.webp]
[images.leadconnectorhq.com/image/f_webp/q_80/r_768/u_https_/assets.cdn.filesafe.space/fvC765TQeOzfRMaLut9v/media/0baf232cdf90a2fe2ebbb286d66d2c78_768_80.webp]
[images.leadconnectorhq.com/image/f_webp/q_80/r_1200/u_https_/assets.cdn.filesafe.space/fvC765TQeOzfRMaLut9v/media/af2eaa181ef2f78a8711ad56300160c8_1200_80.webp]
[images.leadconnectorhq.com/image/f_webp/q_80/r_900/u_https_/assets.cdn.filesafe.space/yEZz6d4pAZz46GRSNZQp/media/4a5763a761f306d61b6490d14cefa888_900_80.webp]
[images.leadconnectorhq.com/image/f_webp/q_80/r_768/u_https_/assets.cdn.filesafe.space/yEZz6d4pAZz46GRSNZQp/media/ea3fba87d3034db93dc60bf50fec6d59_768_80.webp]
[images.leadconnectorhq.com/image/f_webp/q_80/r_640/u_https_/assets.cdn.filesafe.space/yEZz6d4pAZz46GRSNZQp/media/98592ccd12c7d9468abf609193d6d3ea_640_80.webp]
[images.leadconnectorhq.com/image/f_webp/q_80/r_480/u_https_/assets.cdn.filesafe.space/yEZz6d4pAZz46GRSNZQp/media/aa3d43ccb0b96b512ccacb04d07e8cb2_480_80.webp]
[images.leadconnectorhq.com/image/f_webp/q_80/r_320/u_https_/assets.cdn.filesafe.space/yEZz6d4pAZz46GRSNZQp/media/f95e83ef5238b33c1ac88560c1c6d0bb_320_80.webp]
[images.leadconnectorhq.com/image/f_webp/q_80/r_1200/u_https_/assets.cdn.filesafe.space/yEZz6d4pAZz46GRSNZQp/media/9f0cfe591c6d390bd7bd1d5f91069f38_1200_80.webp]
[images.leadconnectorhq.com/image/f_webp/q_80/r_900/u_https_/assets.cdn.filesafe.space/yEZz6d4pAZz46GRSNZQp/media/a72ee633497f5ca38ab795f1c7ff35c2_900_80.webp]
[images.leadconnectorhq.com/image/f_webp/q_80/r_768/u_https_/assets.cdn.filesafe.space/yEZz6d4pAZz46GRSNZQp/media/3aba2d7d4e99f36904531abb67b2418d_768_80.webp]
[images.leadconnectorhq.com/image/f_webp/q_80/r_640/u_https_/assets.cdn.filesafe.space/yEZz6d4pAZz46GRSNZQp/media/d5949aad4d86e2e9a3c99108953e8c61_640_80.webp]
[images.leadconnectorhq.com/image/f_webp/q_80/r_480/u_https_/assets.cdn.filesafe.space/yEZz6d4pAZz46GRSNZQp/media/eda237e448ea6b1b32fe91bb62ec9cab_480_80.webp]
[images.leadconnectorhq.com/image/f_webp/q_80/r_320/u_https_/assets.cdn.filesafe.space/yEZz6d4pAZz46GRSNZQp/media/93b13b2191f488b2e073fccb1d792c95_320_80.webp]
[images.leadconnectorhq.com/image/f_webp/q_80/r_1200/u_https_/assets.cdn.filesafe.space/yEZz6d4pAZz46GRSNZQp/media/16c73bfbbf74643fcb9d972ba1012206_1200_80.webp]
[images.leadconnectorhq.com/image/f_webp/q_80/r_900/u_https_/assets.cdn.filesafe.space/yEZz6d4pAZz46GRSNZQp/media/8ced37a0a0793dd100de6b830e65c19f_900_80.webp]
[images.leadconnectorhq.com/image/f_webp/q_80/r_768/u_https_/assets.cdn.filesafe.space/yEZz6d4pAZz46GRSNZQp/media/0568b4dd986c7385c72aa86c212ccda1_768_80.webp]
[images.leadconnectorhq.com/image/f_webp/q_80/r_640/u_https_/assets.cdn.filesafe.space/yEZz6d4pAZz46GRSNZQp/media/3d0dafe309df33d5659b0d3297fbc3e8_640_80.webp]
[images.leadconnectorhq.com/image/f_webp/q_80/r_480/u_https_/assets.cdn.filesafe.space/yEZz6d4pAZz46GRSNZQp/media/d847836a774bce9942c1cba466db9780_480_80.webp]
[images.leadconnectorhq.com/image/f_webp/q_80/r_320/u_https_/assets.cdn.filesafe.space/yEZz6d4pAZz46GRSNZQp/media/9c3338f0b0eda012d12c99deaa850edb_320_80.webp]
[images.leadconnectorhq.com/image/f_webp/q_80/r_1200/u_https_/assets.cdn.filesafe.space/yEZz6d4pAZz46GRSNZQp/media/41dbe685e2adaaf6595533ec090dd6c4_1200_80.webp]
[images.leadconnectorhq.com/image/f_webp/q_80/r_900/u_https_/assets.cdn.filesafe.space/yEZz6d4pAZz46GRSNZQp/media/0e1103828520c48f1b981f216f75f965_900_80.webp]
[images.leadconnectorhq.com/image/f_webp/q_80/r_768/u_https_/assets.cdn.filesafe.space/yEZz6d4pAZz46GRSNZQp/media/7459a9e5baa8b5a3dfbf43aa5b99762a_768_80.webp]
[images.leadconnectorhq.com/image/f_webp/q_80/r_640/u_https_/assets.cdn.filesafe.space/yEZz6d4pAZz46GRSNZQp/media/26a2df071f34d1526533876b92599a03_640_80.webp]
[images.leadconnectorhq.com/image/f_webp/q_80/r_480/u_https_/assets.cdn.filesafe.space/yEZz6d4pAZz46GRSNZQp/media/5013a11e16001e3be2cdc871efa255f9_480_80.webp]
[images.leadconnectorhq.com/image/f_webp/q_80/r_320/u_https_/assets.cdn.filesafe.space/yEZz6d4pAZz46GRSNZQp/media/c7189795f102c26ae6b29c8ba14b4417_320_80.webp]
[images.leadconnectorhq.com/image/f_webp/q_80/r_1200/u_https_/assets.cdn.filesafe.space/yEZz6d4pAZz46GRSNZQp/media/8b200f14cb86cf6d2f7e39c5411eacb8_1200_80.webp]
[images.leadconnectorhq.com/image/f_webp/q_80/r_900/u_https_/assets.cdn.filesafe.space/yEZz6d4pAZz46GRSNZQp/media/4c6f1bc4f07598030c2fa6044529c2f5_900_80.webp]
[images.leadconnectorhq.com/image/f_webp/q_80/r_768/u_https_/assets.cdn.filesafe.space/yEZz6d4pAZz46GRSNZQp/media/0936d9d07f195be70f77dc33e7284623_768_80.webp]
[images.leadconnectorhq.com/image/f_webp/q_80/r_640/u_https_/assets.cdn.filesafe.space/yEZz6d4pAZz46GRSNZQp/media/da6f3338493289c63d7a20faaeccdfa9_640_80.webp]
[images.leadconnectorhq.com/image/f_webp/q_80/r_480/u_https_/assets.cdn.filesafe.space/yEZz6d4pAZz46GRSNZQp/media/141e0e2ee5f02be0c96d6f2b74ce444b_480_80.webp]
[images.leadconnectorhq.com/image/f_webp/q_80/r_320/u_https_/assets.cdn.filesafe.space/yEZz6d4pAZz46GRSNZQp/media/6289eefcd33e3d9e33d1e145de5d705a_320_80.webp]
[images.leadconnectorhq.com/image/f_webp/q_80/r_1200/u_https_/assets.cdn.filesafe.space/yEZz6d4pAZz46GRSNZQp/media/ed9b3cb1b4cd09f02c270e6017346c21_1200_80.webp]
[images.leadconnectorhq.com/image/f_webp/q_80/r_900/u_https_/assets.cdn.filesafe.space/yEZz6d4pAZz46GRSNZQp/media/b5589633498768d1ef366dd8b870aa37_900_80.webp]
[images.leadconnectorhq.com/image/f_webp/q_80/r_768/u_https_/assets.cdn.filesafe.space/yEZz6d4pAZz46GRSNZQp/media/9adb559b8dfb230bebdf14ddbc1c33a9_768_80.webp]
[images.leadconnectorhq.com/image/f_webp/q_80/r_640/u_https_/assets.cdn.filesafe.space/yEZz6d4pAZz46GRSNZQp/media/f84549f2336f35bc93de588ad2f8651a_640_80.webp]
[images.leadconnectorhq.com/image/f_webp/q_80/r_480/u_https_/assets.cdn.filesafe.space/yEZz6d4pAZz46GRSNZQp/media/1d27a1f949788bbeac5d7a84d605eef0_480_80.webp]
[images.leadconnectorhq.com/image/f_webp/q_80/r_320/u_https_/assets.cdn.filesafe.space/yEZz6d4pAZz46GRSNZQp/media/7395b15b20dd697b921b5f8823523270_320_80.webp]
[images.leadconnectorhq.com/image/f_webp/q_80/r_1200/u_https_/assets.cdn.filesafe.space/yEZz6d4pAZz46GRSNZQp/media/aebf65442d587e37d2a037fd5ceeb366_1200_80.webp]
[images.leadconnectorhq.com/image/f_webp/q_80/r_900/u_https_/assets.cdn.filesafe.space/yEZz6d4pAZz46GRSNZQp/media/77d7fe6a81309f0b3f50fd5dcada48a7_900_80.webp]
[images.leadconnectorhq.com/image/f_webp/q_80/r_768/u_https_/assets.cdn.filesafe.space/yEZz6d4pAZz46GRSNZQp/media/d0fce625249fe03535c6f644317aa990_768_80.webp]
[images.leadconnectorhq.com/image/f_webp/q_80/r_640/u_https_/assets.cdn.filesafe.space/yEZz6d4pAZz46GRSNZQp/media/df2eb7740baebefc5f6bd1ab750532e7_640_80.webp]
[images.leadconnectorhq.com/image/f_webp/q_80/r_480/u_https_/assets.cdn.filesafe.space/yEZz6d4pAZz46GRSNZQp/media/10289631e4edb74b9c5744681bfb0c7d_480_80.webp]
[images.leadconnectorhq.com/image/f_webp/q_80/r_320/u_https_/assets.cdn.filesafe.space/yEZz6d4pAZz46GRSNZQp/media/8966e03ddf3fccecaff9725f32ced5f8_320_80.webp]
[images.leadconnectorhq.com/image/f_webp/q_80/r_1200/u_https_/assets.cdn.filesafe.space/yEZz6d4pAZz46GRSNZQp/media/9ec19a0e8d2b6ecf2e1e765f449b7a28_1200_80.webp]
[assets.cdn.filesafe.space/fvC765TQeOzfRMaLut9v/media/64634dd935db3526bbb7a3c0.jpg]
[storage.googleapis.com/msgsndr/fvC765TQeOzfRMaLut9v/media/64634dd935db3526bbb7a3c0.jpg]
[storage.googleapis.com/msgsndr/yEZz6d4pAZz46GRSNZQp/media/0cad90cb-f350-4520-827c-1792cb38d7f6.png]
[storage.googleapis.com/msgsndr/yEZz6d4pAZz46GRSNZQp/media/746d756f-ce35-4888-87a0-f17b6c3d1bf1.png]
[storage.googleapis.com/msgsndr/yEZz6d4pAZz46GRSNZQp/media/6ea58da6-c3c7-4c1f-b0cd-79146cab160a.png]
[storage.googleapis.com/msgsndr/yEZz6d4pAZz46GRSNZQp/media/9d96c5e0-b99b-412b-a035-65fc752e605c.png]
[storage.googleapis.com/msgsndr/yEZz6d4pAZz46GRSNZQp/media/e799c7b7-fa0d-431c-b6b5-e0388056068a.png]
[storage.googleapis.com/msgsndr/yEZz6d4pAZz46GRSNZQp/media/1184dfa5-6694-4a5f-904f-feed79db8026.png]
[storage.googleapis.com/msgsndr/yEZz6d4pAZz46GRSNZQp/media/e7427b6d-79eb-452e-a09a-bbb80676dd9e.png]
[app.dev-techlabs.com/v2/preview/RGRkcVg9KChzIMicXYAo.html]
[cdnjs.cloudflare.com/ajax/libs/OwlCarousel2/2.3.4/assets/owl.video.play.png]
[cdnjs.cloudflare.com/ajax/libs/OwlCarousel2/2.3.4/assets/owl.carousel.min.css]
[cdnjs.cloudflare.com/ajax/libs/OwlCarousel2/2.3.4/assets/owl.theme.default.min.css]
[cdnjs.cloudflare.com/ajax/libs/font-awesome/6.3.0/css/all.min.css]
[cdn.jsdelivr.net/npm/swiper@9/swiper-bundle.min.css]
[cdnjs.cloudflare.com/ajax/libs/slick-carousel/1.8.1/fonts/slick.svg]
